// Jest Snapshot v1, https://goo.gl/fbAQLP

exports[`CheckBoxField renders properly 1`] = `
<Switch
  handleColor="white"
  offColor="white"
  onChange={[Function]}
  onColor="#00C9FF"
/>
`;
