// Jest Snapshot v1, https://goo.gl/fbAQLP

exports[`SelectField renders properly 1`] = `
<div>
  <Select
    arrowRenderer={[Function]}
    autosize={true}
    backspaceRemoves={true}
    backspaceToRemoveMessage="Press backspace to remove {label}"
    clearAllText="Clear all"
    clearRenderer={[Function]}
    clearValueText="Clear value"
    clearable={true}
    closeOnSelect={true}
    deleteRemoves={true}
    delimiter=","
    disabled={true}
    escapeClearsValue={true}
    filterOptions={[Function]}
    ignoreAccents={true}
    ignoreCase={true}
    inputProps={Object {}}
    isLoading={true}
    joinValues={false}
    labelKey="label"
    matchPos="any"
    matchProp="any"
    menuBuffer={0}
    menuRenderer={[Function]}
    multi={false}
    noResultsText="No results found"
    onBlurResetsInput={true}
    onChange={[Function]}
    onCloseResetsInput={true}
    onSelectResetsInput={true}
    openOnClick={true}
    optionComponent={[Function]}
    options={Array []}
    pageSize={5}
    placeholder="Select..."
    removeSelected={true}
    required={false}
    rtl={false}
    scrollMenuIntoView={true}
    searchable={true}
    simpleValue={false}
    tabSelectsValue={true}
    trimFilter={true}
    value={null}
    valueComponent={[Function]}
    valueKey="value"
  />
  <div
    className="validationErrorMessage"
  />
</div>
`;
